// Jest Snapshot v1, https://goo.gl/fbAQLP

exports[`CitationSummaryBox renders 1`] = `
<ContentBox
  className=""
  leftActions={null}
  loading={false}
  rightActions={null}
  subTitle="Citation Summary"
  title={null}
>
  <Row
    gutter={
      Object {
        "lg": 32,
        "xs": 0,
      }
    }
  >
    <Col
      lg={7}
      xs={24}
    >
      <Connect(CitationSummaryTable) />
    </Col>
    <Col
      lg={17}
      xs={24}
    >
      <Connect(toAllJS(CitationSummaryGraph))
        namespace="literature"
      />
    </Col>
  </Row>
</ContentBox>
`;
