// Jest Snapshot v1, https://goo.gl/fbAQLP

exports[`LiteratureDate renders with date 1`] = `
<span>
  Jun 07, 1993
</span>
`;
