// Jest Snapshot v1, https://goo.gl/fbAQLP

exports[`LiteratureKeyword renders with keyword 1`] = `
<Tag
  className="__LiteratureKeyword__"
  closable={false}
  color="blue"
  prefixCls="ant-tag"
>
  CMS
</Tag>
`;
