// Jest Snapshot v1, https://goo.gl/fbAQLP

exports[`ExceptionsTable renders with all props set 1`] = `
<Table
  bordered={true}
  className="__ExceptionsTable__"
  columns={
    Array [
      Object {
        "dataIndex": "collection",
        "filteredValue": undefined,
        "filters": Array [
          Object {
            "text": "Hep",
            "value": "Hep",
          },
          Object {
            "text": "Hepnames",
            "value": "Hepnames",
          },
          Object {
            "text": "Job",
            "value": "Job",
          },
          Object {
            "text": "Jobhidden",
            "value": "Jobhidden",
          },
          Object {
            "text": "Conferences",
            "value": "Conferences",
          },
          Object {
            "text": "Journals",
            "value": "Journals",
          },
        ],
        "onFilter": [Function],
        "title": "Collection",
        "width": 120,
      },
      Object {
        "dataIndex": "error",
        "filterDropdown": <FilterDropdown
          focused={false}
          onSearch={[Function]}
          placeholder="Search error"
    />,
        "filterDropdownVisible": false,
        "filterIcon": <Icon
          type="search"
    />,
        "onFilterDropdownVisibleChange": [Function],
        "render": [Function],
        "title": "Error",
        "width": "50%",
      },
      Object {
        "dataIndex": "recid",
        "filterDropdown": <FilterDropdown
          focused={false}
          onSearch={[Function]}
          placeholder="Search recid"
    />,
        "filterDropdownVisible": false,
        "filterIcon": <Icon
          type="search"
    />,
        "onFilterDropdownVisibleChange": [Function],
        "render": [Function],
        "title": "Record",
      },
    ]
  }
  dataSource={
    Array [
      Object {
        "collection": "Job",
        "error": "Failed validating u'format' in schema[u'properties'][u'urls'][u'items'][u'properties'][u'value']:",
        "recid": 1512550,
      },
      Object {
        "collection": "Hep",
        "error": "Failed validating u'format' in schema[u'properties'][u'authors'][u'items'][u'properties'][u'emails'][u'items']:",
        "recid": 1238165,
      },
      Object {
        "collection": "Conferences",
        "error": "Failed validating u'format' in schema[u'properties'][u'urls'][u'items'][u'properties'][u'value']:",
        "recid": 1356791,
      },
      Object {
        "collection": "Hep",
        "error": "Failed validating u'pattern' in schema[u'properties'][u'persistent_identifiers'][u'items'][u'properties'][u'value']:",
        "recid": 1635467,
      },
    ]
  }
  expandedRowRender={[Function]}
  indentSize={20}
  loading={false}
  locale={Object {}}
  onChange={[Function]}
  pagination={
    Object {
      "pageSize": 25,
    }
  }
  prefixCls="ant-table"
  rowKey="recid"
  rowSelection={null}
  showHeader={true}
  size="large"
  useFixedHeader={false}
/>
`;
