// Jest Snapshot v1, https://goo.gl/fbAQLP

exports[`FilterDropdown renders with all props set 1`] = `
<div>
  <Search
    enterButton={true}
    onSearch={[MockFunction]}
    placeholder="placeholder text"
  />
</div>
`;
