// Jest Snapshot v1, https://goo.gl/fbAQLP

exports[`Literature Detail sets abstract as meta description 1`] = `"The interference between Cabibbo-favored and Cabibbo-suppressed B→Dπ decay amplitudes provides sensitivity to the CKM angle γ. The relative size of the inter..."`;
