// Jest Snapshot v1, https://goo.gl/fbAQLP

exports[`CitationSummaryTableContainer pass props from state 1`] = `
<CitationSummaryTable
  citeableBucket={
    Immutable.Map {
      "name": "citeable",
    }
  }
  dispatch={[Function]}
  error={null}
  hIndex={
    Immutable.Map {
      "name": "h-index",
    }
  }
  loading={false}
  publishedBucket={
    Immutable.Map {
      "name": "published",
    }
  }
  renderNumberOfCiteablePapers={[Function]}
  renderNumberOfPublishedPapers={[Function]}
  store={
    Object {
      "clearActions": [Function],
      "dispatch": [Function],
      "getActions": [Function],
      "getState": [Function],
      "replaceReducer": [Function],
      "subscribe": [Function],
    }
  }
  storeSubscription={
    Subscription {
      "listeners": Object {
        "clear": [Function],
        "get": [Function],
        "notify": [Function],
        "subscribe": [Function],
      },
      "onStateChange": [Function],
      "parentSub": undefined,
      "store": Object {
        "clearActions": [Function],
        "dispatch": [Function],
        "getActions": [Function],
        "getState": [Function],
        "replaceReducer": [Function],
        "subscribe": [Function],
      },
      "unsubscribe": [Function],
    }
  }
/>
`;
