// Jest Snapshot v1, https://goo.gl/fbAQLP

exports[`CitationsByYearGraphContainer pass props from state 1`] = `
<CitationsByYearGraph
  citationsByYear={
    Object {
      "1999": 134,
      "2002": 125,
    }
  }
  dispatch={[Function]}
  error={null}
  loading={false}
  store={
    Object {
      "clearActions": [Function],
      "dispatch": [Function],
      "getActions": [Function],
      "getState": [Function],
      "replaceReducer": [Function],
      "subscribe": [Function],
    }
  }
  storeSubscription={
    Subscription {
      "listeners": Object {
        "clear": [Function],
        "get": [Function],
        "notify": [Function],
        "subscribe": [Function],
      },
      "onStateChange": [Function],
      "parentSub": undefined,
      "store": Object {
        "clearActions": [Function],
        "dispatch": [Function],
        "getActions": [Function],
        "getState": [Function],
        "replaceReducer": [Function],
        "subscribe": [Function],
      },
      "unsubscribe": [Function],
    }
  }
/>
`;
