// Jest Snapshot v1, https://goo.gl/fbAQLP

exports[`UserSettingsAction renders 1`] = `
<Fragment>
  <ListItemAction>
    <Button
      block={false}
      ghost={false}
      htmlType="button"
      loading={false}
      onClick={[Function]}
    >
      <IconText
        icon={<ForwardRef(SettingOutlined) />}
        text="settings"
      />
    </Button>
  </ListItemAction>
  <UserSettingsModal
    onCancel={[Function]}
    visible={false}
  />
</Fragment>
`;
