// Jest Snapshot v1, https://goo.gl/fbAQLP

exports[`AuthorWithBAI renders 1`] = `
<Link
  to="/authors/12345"
>
  Name, Full
</Link>
`;
