// Jest Snapshot v1, https://goo.gl/fbAQLP

exports[`RichTextEditor renders 1`] = `
<div
  className="__RichTextEditor__ ant-input"
>
  <Quill
    formats={
      Array [
        "bold",
        "italic",
        "underline",
        "list",
        "bullet",
        "link",
      ]
    }
    modules={
      Object {
        "toolbar": Array [
          Array [
            "bold",
            "italic",
            "underline",
          ],
          Array [
            Object {
              "list": "ordered",
            },
            Object {
              "list": "bullet",
            },
          ],
          Array [
            "link",
          ],
          Array [
            "clean",
          ],
        ],
      }
    }
    onChange={[MockFunction]}
    theme="snow"
  />
</div>
`;
