// Jest Snapshot v1, https://goo.gl/fbAQLP

exports[`Footer renders 1`] = `
<Footer
  bottom={
    <Row
      gutter={0}
      justify="space-between"
    >
      <Col>
        <ExternalLink
          as="a"
          href="//invenio-software.org"
        >
          Powered by Invenio
        </ExternalLink>
      </Col>
      <Col>
        Made with 
        <span
          className="red"
        >
          ‚ù§
        </span>
         by INSPIRE Team
      </Col>
    </Row>
  }
  className="__Footer__"
  columns={
    Array [
      Object {
        "items": Array [
          Object {
            "openExternal": true,
            "title": "About INSPIRE",
            "url": "https://labs.inspirehep.net/help/knowledge-base/about-inspire",
          },
          Object {
            "openExternal": true,
            "title": "Content Policy",
            "url": "https://labs.inspirehep.net/help/knowledge-base/conent-policy",
          },
          Object {
            "openExternal": true,
            "title": "Privacy Policy",
            "url": "https://labs.inspirehep.net/help/knowledge-base/privacy-policy",
          },
          Object {
            "openExternal": true,
            "title": "Terms of Use",
            "url": "https://labs.inspirehep.net/help/knowledge-base/terms-of-use",
          },
        ],
        "title": "INSPIRE",
      },
      Object {
        "items": Array [
          Object {
            "openExternal": true,
            "title": "FAQ",
            "url": "https://labs.inspirehep.net/help/knowledge-base/faq",
          },
          Object {
            "openExternal": true,
            "title": "INSPIRE Help",
            "url": "https://labs.inspirehep.net/help",
          },
        ],
        "title": "Help",
      },
      Object {
        "items": Array [
          Object {
            "openExternal": true,
            "title": "Holdingpen",
            "url": "/holdingpen",
          },
          Object {
            "openExternal": true,
            "title": "Author list",
            "url": "/toos/authorlist",
          },
        ],
        "title": "Tools",
      },
      Object {
        "items": Array [
          Object {
            "openExternal": true,
            "title": "Blog",
            "url": "https://blog.inspirehep.net",
          },
          Object {
            "openExternal": true,
            "title": "Twitter",
            "url": "https://twitter.com/inspirehep",
          },
          Object {
            "openExternal": true,
            "title": "Contact",
            "url": "mailto:feedback@inspirehep.net",
          },
        ],
        "title": "Community",
      },
    ]
  }
/>
`;
