// Jest Snapshot v1, https://goo.gl/fbAQLP

exports[`LoadingOrComponent render with loading 1`] = `<Loading />`;

exports[`LoadingOrComponent render without loading 1`] = `
<div>
  <h2>
    Test
  </h2>
</div>
`;
