// Jest Snapshot v1, https://goo.gl/fbAQLP

exports[`MultiSelectAggregation render initial state with all props set 1`] = `
<div>
  <div
    className="mb1"
  >
    Test
    :
  </div>
  <SelectBox
    className="w-100"
    mode="multiple"
    onChange={[MockFunction]}
    options={
      Array [
        Object {
          "value": "bucket1",
        },
        Object {
          "value": "bucket2",
        },
      ]
    }
    placeholder="All"
    value={
      Array [
        "bucket1",
      ]
    }
  />
</div>
`;
