// Jest Snapshot v1, https://goo.gl/fbAQLP

exports[`Author Detail sets "author brief" as meta description 1`] = `"Humboldt U., Berlin and Leipzig U.. hep-lat"`;
