// Jest Snapshot v1, https://goo.gl/fbAQLP

exports[`SearchPage renders with loading state 1`] = `
<Row
  className="mt3"
  gutter={32}
  justify="center"
  type="flex"
>
  <Col
    lg={16}
    xl={16}
    xs={24}
    xxl={14}
  >
    <LoadingOrChildren
      loading={false}
    >
      <Row
        gutter={0}
        type="flex"
      >
        <Col>
          <Connect(NumberOfResults) />
        </Col>
      </Row>
      <Row
        gutter={0}
      >
        <Col
          span={24}
        >
          <Connect(SearchResults)
            renderItem={[Function]}
          />
          <Connect(SearchPagination) />
        </Col>
      </Row>
    </LoadingOrChildren>
  </Col>
</Row>
`;
